// Jest Snapshot v1, https://goo.gl/fbAQLP

exports[`Home renders the home page correctly 1`] = `ShallowWrapper {}`;
